
> llm-wiki@2.2.14 typecheck
> tsc --build --pretty

